#-----------------------------------------------------------
# Vivado v2018.3 (64-bit)
# SW Build 2405991 on Thu Dec  6 23:38:27 MST 2018
# IP Build 2404404 on Fri Dec  7 01:43:56 MST 2018
# Start of session at: Thu Mar 21 19:28:46 2019
# Process ID: 9556
# Current directory: E:/vivado/tictactoe
# Command line: vivado.exe -gui_launcher_event rodinguilauncherevent8032 E:\vivado\tictactoe\tictactoe.xpr
# Log file: E:/vivado/tictactoe/vivado.log
# Journal file: E:/vivado/tictactoe\vivado.jou
#-----------------------------------------------------------
start_gui
open_project E:/vivado/tictactoe/tictactoe.xpr
update_compile_order -fileset sources_1
close [ open E:/vivado/tictactoe/tictactoe.srcs/sources_1/new/nospace_detector.v w ]
add_files E:/vivado/tictactoe/tictactoe.srcs/sources_1/new/nospace_detector.v
update_compile_order -fileset sources_1
close [ open E:/vivado/tictactoe/tictactoe.srcs/sources_1/new/illegal_move_detector.v w ]
add_files E:/vivado/tictactoe/tictactoe.srcs/sources_1/new/illegal_move_detector.v
update_compile_order -fileset sources_1
close [ open E:/vivado/tictactoe/tictactoe.srcs/sources_1/new/position_decoder.v w ]
add_files E:/vivado/tictactoe/tictactoe.srcs/sources_1/new/position_decoder.v
update_compile_order -fileset sources_1
close [ open E:/vivado/tictactoe/tictactoe.srcs/sources_1/new/winner_detector.v w ]
add_files E:/vivado/tictactoe/tictactoe.srcs/sources_1/new/winner_detector.v
update_compile_order -fileset sources_1
close [ open E:/vivado/tictactoe/tictactoe.srcs/sources_1/new/winner_detect_3.v w ]
add_files E:/vivado/tictactoe/tictactoe.srcs/sources_1/new/winner_detect_3.v
update_compile_order -fileset sources_1
file mkdir E:/vivado/tictactoe/tictactoe.srcs/sim_1/new
set_property SOURCE_SET sources_1 [get_filesets sim_1]
close [ open E:/vivado/tictactoe/tictactoe.srcs/sim_1/new/tb_tic_tac_toe.v w ]
add_files -fileset sim_1 E:/vivado/tictactoe/tictactoe.srcs/sim_1/new/tb_tic_tac_toe.v
update_compile_order -fileset sim_1
update_compile_order -fileset sim_1
synth_design -rtl -name rtl_1
launch_simulation
source tb_tic_tac_toe.tcl
close_sim
launch_simulation
source tb_tic_tac_toe.tcl
close_sim
